src/app/(auth)/cotizar/page.tsx(148,72): error TS2769: No overload matches this call.
  Overload 1 of 2, '(values: never, options?: { count?: "exact" | "planned" | "estimated" | undefined; } | undefined): PostgrestFilterBuilder<{ PostgrestVersion: "12"; }, never, never, null, "tramites", never, "POST">', gave the following error.
    Argument of type '{ broker_id: string; notaria_id: string; tramite_type_id: string; reference_code: string; status: string; property_address: string; property_district: string; property_value: number | null; ... 5 more ...; estimated_completion: string; }' is not assignable to parameter of type 'never'.
  Overload 2 of 2, '(values: never[], options?: { count?: "exact" | "planned" | "estimated" | undefined; defaultToNull?: boolean | undefined; } | undefined): PostgrestFilterBuilder<{ PostgrestVersion: "12"; }, never, never, null, "tramites", never, "POST">', gave the following error.
    Object literal may only specify known properties, and 'broker_id' does not exist in type 'never[]'.
src/app/(auth)/cotizar/page.tsx(170,40): error TS2339: Property 'id' does not exist on type 'never'.
src/app/(auth)/perfil/page.tsx(72,33): error TS2339: Property 'full_name' does not exist on type 'never'.
src/app/(auth)/perfil/page.tsx(72,56): error TS2339: Property 'phone' does not exist on type 'never'.
src/app/(auth)/perfil/page.tsx(72,82): error TS2339: Property 'company_name' does not exist on type 'never'.
src/app/(auth)/perfil/page.tsx(76,62): error TS2339: Property 'amount' does not exist on type 'never'.
src/app/(auth)/perfil/page.tsx(88,15): error TS2345: Argument of type '{ full_name: string; phone: string; company_name: string | null; }' is not assignable to parameter of type 'never'.
src/app/(auth)/perfil/page.tsx(110,61): error TS2345: Argument of type '{ referral_code: string; }' is not assignable to parameter of type 'never'.
src/app/(auth)/price-match/page.tsx(49,11): error TS2430: Interface 'PriceMatchRow' incorrectly extends interface 'PriceMatchRequest'.
  Types of property 'tramite_types' are incompatible.
    Type 'TramiteType | null | undefined' is not assignable to type 'TramiteType | undefined'.
      Type 'null' is not assignable to type 'TramiteType | undefined'.
src/app/(auth)/price-match/page.tsx(130,67): error TS2769: No overload matches this call.
  Overload 1 of 2, '(values: never, options?: { count?: "exact" | "planned" | "estimated" | undefined; } | undefined): PostgrestFilterBuilder<{ PostgrestVersion: "12"; }, never, never, null, "price_match_requests", never, "POST">', gave the following error.
    Argument of type '{ broker_id: string; tramite_type_id: string; competitor_name: string; competitor_price: number; evidence_url: string | null; status: PriceMatchStatus; our_matched_price: null; reviewed_at: null; }' is not assignable to parameter of type 'never'.
  Overload 2 of 2, '(values: never[], options?: { count?: "exact" | "planned" | "estimated" | undefined; defaultToNull?: boolean | undefined; } | undefined): PostgrestFilterBuilder<{ PostgrestVersion: "12"; }, never, never, null, "price_match_requests", never, "POST">', gave the following error.
    Object literal may only specify known properties, and 'broker_id' does not exist in type 'never[]'.
src/app/(auth)/recompensas/page.tsx(68,30): error TS2339: Property 'amount' does not exist on type 'never'.
src/app/admin/perfil/page.tsx(47,29): error TS2339: Property 'full_name' does not exist on type 'never'.
src/app/admin/perfil/page.tsx(48,32): error TS2339: Property 'notaria_name' does not exist on type 'never'.
src/app/admin/perfil/page.tsx(49,35): error TS2339: Property 'notaria_address' does not exist on type 'never'.
src/app/admin/perfil/page.tsx(50,25): error TS2339: Property 'phone' does not exist on type 'never'.
src/app/admin/perfil/page.tsx(65,15): error TS2345: Argument of type '{ full_name: string; notaria_name: string; notaria_address: string; phone: string | null; }' is not assignable to parameter of type 'never'.
src/components/cotizador/PriceMatchModal.tsx(64,69): error TS2769: No overload matches this call.
  Overload 1 of 2, '(values: never, options?: { count?: "exact" | "planned" | "estimated" | undefined; } | undefined): PostgrestFilterBuilder<{ PostgrestVersion: "12"; }, never, never, null, "price_match_requests", never, "POST">', gave the following error.
    Argument of type '{ broker_id: string; tramite_type_id: string; competitor_name: string; competitor_price: number; evidence_url: string | null; }' is not assignable to parameter of type 'never'.
  Overload 2 of 2, '(values: never[], options?: { count?: "exact" | "planned" | "estimated" | undefined; defaultToNull?: boolean | undefined; } | undefined): PostgrestFilterBuilder<{ PostgrestVersion: "12"; }, never, never, null, "price_match_requests", never, "POST">', gave the following error.
    Object literal may only specify known properties, and 'broker_id' does not exist in type 'never[]'.
src/components/cotizador/TramiteTypeCard.tsx(7,3): error TS2322: Type 'ForwardRefExoticComponent<Omit<LucideProps, "ref"> & RefAttributes<SVGSVGElement>>' is not assignable to type 'ComponentType<{ size?: number | undefined; className?: string | undefined; }>'.
  Type 'ForwardRefExoticComponent<Omit<LucideProps, "ref"> & RefAttributes<SVGSVGElement>>' is not assignable to type 'FunctionComponent<{ size?: number | undefined; className?: string | undefined; }>'.
    Types of property 'propTypes' are incompatible.
      Type 'WeakValidationMap<Omit<LucideProps, "ref"> & RefAttributes<SVGSVGElement>> | undefined' is not assignable to type 'WeakValidationMap<{ size?: number | undefined; className?: string | undefined; }> | undefined'.
        Type 'WeakValidationMap<Omit<LucideProps, "ref"> & RefAttributes<SVGSVGElement>>' is not assignable to type 'WeakValidationMap<{ size?: number | undefined; className?: string | undefined; }>'.
          Types of property 'size' are incompatible.
            Type 'Validator<string | number | null | undefined> | undefined' is not assignable to type 'Validator<number | null | undefined> | undefined'.
              Type 'Validator<string | number | null | undefined>' is not assignable to type 'Validator<number | null | undefined>'.
                Type 'string | number | null | undefined' is not assignable to type 'number | null | undefined'.
                  Type 'string' is not assignable to type 'number'.
src/components/cotizador/TramiteTypeCard.tsx(8,3): error TS2322: Type 'ForwardRefExoticComponent<Omit<LucideProps, "ref"> & RefAttributes<SVGSVGElement>>' is not assignable to type 'ComponentType<{ size?: number | undefined; className?: string | undefined; }>'.
  Type 'ForwardRefExoticComponent<Omit<LucideProps, "ref"> & RefAttributes<SVGSVGElement>>' is not assignable to type 'FunctionComponent<{ size?: number | undefined; className?: string | undefined; }>'.
    Types of property 'propTypes' are incompatible.
      Type 'WeakValidationMap<Omit<LucideProps, "ref"> & RefAttributes<SVGSVGElement>> | undefined' is not assignable to type 'WeakValidationMap<{ size?: number | undefined; className?: string | undefined; }> | undefined'.
        Type 'WeakValidationMap<Omit<LucideProps, "ref"> & RefAttributes<SVGSVGElement>>' is not assignable to type 'WeakValidationMap<{ size?: number | undefined; className?: string | undefined; }>'.
          Types of property 'size' are incompatible.
            Type 'Validator<string | number | null | undefined> | undefined' is not assignable to type 'Validator<number | null | undefined> | undefined'.
              Type 'Validator<string | number | null | undefined>' is not assignable to type 'Validator<number | null | undefined>'.
                Type 'string | number | null | undefined' is not assignable to type 'number | null | undefined'.
                  Type 'string' is not assignable to type 'number'.
src/components/cotizador/TramiteTypeCard.tsx(9,3): error TS2322: Type 'ForwardRefExoticComponent<Omit<LucideProps, "ref"> & RefAttributes<SVGSVGElement>>' is not assignable to type 'ComponentType<{ size?: number | undefined; className?: string | undefined; }>'.
  Type 'ForwardRefExoticComponent<Omit<LucideProps, "ref"> & RefAttributes<SVGSVGElement>>' is not assignable to type 'FunctionComponent<{ size?: number | undefined; className?: string | undefined; }>'.
    Types of property 'propTypes' are incompatible.
      Type 'WeakValidationMap<Omit<LucideProps, "ref"> & RefAttributes<SVGSVGElement>> | undefined' is not assignable to type 'WeakValidationMap<{ size?: number | undefined; className?: string | undefined; }> | undefined'.
        Type 'WeakValidationMap<Omit<LucideProps, "ref"> & RefAttributes<SVGSVGElement>>' is not assignable to type 'WeakValidationMap<{ size?: number | undefined; className?: string | undefined; }>'.
          Types of property 'size' are incompatible.
            Type 'Validator<string | number | null | undefined> | undefined' is not assignable to type 'Validator<number | null | undefined> | undefined'.
              Type 'Validator<string | number | null | undefined>' is not assignable to type 'Validator<number | null | undefined>'.
                Type 'string | number | null | undefined' is not assignable to type 'number | null | undefined'.
                  Type 'string' is not assignable to type 'number'.
src/components/cotizador/TramiteTypeCard.tsx(10,3): error TS2322: Type 'ForwardRefExoticComponent<Omit<LucideProps, "ref"> & RefAttributes<SVGSVGElement>>' is not assignable to type 'ComponentType<{ size?: number | undefined; className?: string | undefined; }>'.
  Type 'ForwardRefExoticComponent<Omit<LucideProps, "ref"> & RefAttributes<SVGSVGElement>>' is not assignable to type 'FunctionComponent<{ size?: number | undefined; className?: string | undefined; }>'.
    Types of property 'propTypes' are incompatible.
      Type 'WeakValidationMap<Omit<LucideProps, "ref"> & RefAttributes<SVGSVGElement>> | undefined' is not assignable to type 'WeakValidationMap<{ size?: number | undefined; className?: string | undefined; }> | undefined'.
        Type 'WeakValidationMap<Omit<LucideProps, "ref"> & RefAttributes<SVGSVGElement>>' is not assignable to type 'WeakValidationMap<{ size?: number | undefined; className?: string | undefined; }>'.
          Types of property 'size' are incompatible.
            Type 'Validator<string | number | null | undefined> | undefined' is not assignable to type 'Validator<number | null | undefined> | undefined'.
              Type 'Validator<string | number | null | undefined>' is not assignable to type 'Validator<number | null | undefined>'.
                Type 'string | number | null | undefined' is not assignable to type 'number | null | undefined'.
                  Type 'string' is not assignable to type 'number'.
src/components/cotizador/TramiteTypeCard.tsx(11,3): error TS2322: Type 'ForwardRefExoticComponent<Omit<LucideProps, "ref"> & RefAttributes<SVGSVGElement>>' is not assignable to type 'ComponentType<{ size?: number | undefined; className?: string | undefined; }>'.
  Type 'ForwardRefExoticComponent<Omit<LucideProps, "ref"> & RefAttributes<SVGSVGElement>>' is not assignable to type 'FunctionComponent<{ size?: number | undefined; className?: string | undefined; }>'.
    Types of property 'propTypes' are incompatible.
      Type 'WeakValidationMap<Omit<LucideProps, "ref"> & RefAttributes<SVGSVGElement>> | undefined' is not assignable to type 'WeakValidationMap<{ size?: number | undefined; className?: string | undefined; }> | undefined'.
        Type 'WeakValidationMap<Omit<LucideProps, "ref"> & RefAttributes<SVGSVGElement>>' is not assignable to type 'WeakValidationMap<{ size?: number | undefined; className?: string | undefined; }>'.
          Types of property 'size' are incompatible.
            Type 'Validator<string | number | null | undefined> | undefined' is not assignable to type 'Validator<number | null | undefined> | undefined'.
              Type 'Validator<string | number | null | undefined>' is not assignable to type 'Validator<number | null | undefined>'.
                Type 'string | number | null | undefined' is not assignable to type 'number | null | undefined'.
                  Type 'string' is not assignable to type 'number'.
src/components/cotizador/TramiteTypeCard.tsx(12,3): error TS2322: Type 'ForwardRefExoticComponent<Omit<LucideProps, "ref"> & RefAttributes<SVGSVGElement>>' is not assignable to type 'ComponentType<{ size?: number | undefined; className?: string | undefined; }>'.
  Type 'ForwardRefExoticComponent<Omit<LucideProps, "ref"> & RefAttributes<SVGSVGElement>>' is not assignable to type 'FunctionComponent<{ size?: number | undefined; className?: string | undefined; }>'.
    Types of property 'propTypes' are incompatible.
      Type 'WeakValidationMap<Omit<LucideProps, "ref"> & RefAttributes<SVGSVGElement>> | undefined' is not assignable to type 'WeakValidationMap<{ size?: number | undefined; className?: string | undefined; }> | undefined'.
        Type 'WeakValidationMap<Omit<LucideProps, "ref"> & RefAttributes<SVGSVGElement>>' is not assignable to type 'WeakValidationMap<{ size?: number | undefined; className?: string | undefined; }>'.
          Types of property 'size' are incompatible.
            Type 'Validator<string | number | null | undefined> | undefined' is not assignable to type 'Validator<number | null | undefined> | undefined'.
              Type 'Validator<string | number | null | undefined>' is not assignable to type 'Validator<number | null | undefined>'.
                Type 'string | number | null | undefined' is not assignable to type 'number | null | undefined'.
                  Type 'string' is not assignable to type 'number'.
src/hooks/useTramites.ts(43,16): error TS2352: Conversion of type 'null' to type 'Tramite' may be a mistake because neither type sufficiently overlaps with the other. If this was intentional, convert the expression to 'unknown' first.
src/lib/supabase/server.ts(13,16): error TS7006: Parameter 'cookiesToSet' implicitly has an 'any' type.
src/lib/supabase/server.ts(15,37): error TS7031: Binding element 'name' implicitly has an 'any' type.
src/lib/supabase/server.ts(15,43): error TS7031: Binding element 'value' implicitly has an 'any' type.
src/lib/supabase/server.ts(15,50): error TS7031: Binding element 'options' implicitly has an 'any' type.
src/middleware.ts(13,16): error TS7006: Parameter 'cookiesToSet' implicitly has an 'any' type.
src/middleware.ts(14,35): error TS7031: Binding element 'name' implicitly has an 'any' type.
src/middleware.ts(14,41): error TS7031: Binding element 'value' implicitly has an 'any' type.
src/middleware.ts(16,35): error TS7031: Binding element 'name' implicitly has an 'any' type.
src/middleware.ts(16,41): error TS7031: Binding element 'value' implicitly has an 'any' type.
src/middleware.ts(16,48): error TS7031: Binding element 'options' implicitly has an 'any' type.
